<?xml version="1.0" encoding="utf-8"?><testsuites name="pytest tests"><testsuite name="pytest" errors="0" failures="0" skipped="0" tests="50" time="0.361" timestamp="2026-01-30T20:26:44.469295+00:00" hostname="Darshan"><testcase classname="tests.diagram_generator.test_ast_relations" name="test_extract_basic_class" time="0.003" /><testcase classname="tests.diagram_generator.test_ast_relations" name="test_extract_inheritance" time="0.002" /><testcase classname="tests.diagram_generator.test_ast_relations" name="test_extract_calls" time="0.002" /><testcase classname="tests.diagram_generator.test_ast_relations" name="test_extract_composition" time="0.001" /><testcase classname="tests.diagram_generator.test_ast_relations" name="test_extract_aggregation_typed" time="0.002" /><testcase classname="tests.diagram_generator.test_ast_relations" name="test_extract_aggregation_init_arg" time="0.001" /><testcase classname="tests.diagram_generator.test_ast_traverser" name="test_traverse_classes_methods" time="0.002" /><testcase classname="tests.diagram_generator.test_ast_traverser" name="test_traverse_inheritance" time="0.001" /><testcase classname="tests.diagram_generator.test_ast_traverser" name="test_traverse_imports" time="0.002" /><testcase classname="tests.diagram_generator.test_generate_repo_diagrams.TestRepoNameFromUrl" name="test_https_url" time="0.001" /><testcase classname="tests.diagram_generator.test_generate_repo_diagrams.TestRepoNameFromUrl" name="test_ssh_url" time="0.001" /><testcase classname="tests.diagram_generator.test_generate_repo_diagrams.TestRepoNameFromUrl" name="test_url_without_git_extension" time="0.001" /><testcase classname="tests.diagram_generator.test_generate_repo_diagrams.TestLatestCommit" name="test_latest_commit_success" time="0.004" /><testcase classname="tests.diagram_generator.test_generate_repo_diagrams.TestLatestCommit" name="test_latest_commit_failure" time="0.002" /><testcase classname="tests.diagram_generator.test_generate_repo_diagrams.TestCloneRepo" name="test_clone_repo_success" time="0.002" /><testcase classname="tests.diagram_generator.test_generate_repo_diagrams.TestGenerateRepoDiagrams" name="test_generate_creates_all_diagram_types" time="0.003" /><testcase classname="tests.diagram_generator.test_generate_repo_diagrams.TestGenerateRepoDiagrams" name="test_generate_uses_unique_temp_directory" time="0.025" /><testcase classname="tests.diagram_generator.test_graph_model" name="test_add_inheritance" time="0.001" /><testcase classname="tests.diagram_generator.test_graph_model" name="test_add_composition_aggregation" time="0.001" /><testcase classname="tests.diagram_generator.test_graph_model" name="test_filter_self_calls" time="0.001" /><testcase classname="tests.diagram_generator.test_graph_model" name="test_valid_call" time="0.001" /><testcase classname="tests.diagram_generator.test_heuristics" name="test_enrich_with_heuristics_import_to_call" time="0.001" /><testcase classname="tests.diagram_generator.test_heuristics" name="test_enrich_no_change_for_others" time="0.001" /><testcase classname="tests.diagram_generator.test_renderers" name="test_render_composition" time="0.001" /><testcase classname="tests.diagram_generator.test_renderers" name="test_render_aggregation" time="0.001" /><testcase classname="tests.diagram_generator.test_renderers" name="test_render_inheritance" time="0.002" /><testcase classname="tests.diagram_generator.test_renderers" name="test_render_call_diagram" time="0.001" /><testcase classname="tests.diagram_generator.test_renderers" name="test_render_dependency_diagram" time="0.002" /><testcase classname="tests.diagram_generator.test_renderers" name="test_render_api_diagram" time="0.001" /><testcase classname="tests.diagram_generator.test_repo_scanner" name="test_scan_repo_finds_python_java" time="0.002" /><testcase classname="tests.diagram_generator.test_repo_scanner" name="test_scan_repo_ignores_nothing_by_default_logic" time="0.003" /><testcase classname="tests.analysis_store.test_artifact_store" name="test_artifact_store_accumulates_artifacts" time="0.001" /><testcase classname="tests.parser.test_java_parser" name="test_parse_produces_compilation_unit" time="0.003" /><testcase classname="tests.parser.test_java_parser" name="test_normalize_produces_language_agnostic_ast" time="0.003" /><testcase classname="tests.parser.test_python_parser" name="test_parse_produces_ast_module" time="0.001" /><testcase classname="tests.parser.test_python_parser" name="test_normalize_produces_language_agnostic_ast" time="0.002" /><testcase classname="tests.semantic.test_java_calls" name="test_call_analyzer_records_method_invocations" time="0.001" /><testcase classname="tests.semantic.test_java_imports" name="test_import_analyzer_emits_defines_and_import_relations" time="0.003" /><testcase classname="tests.semantic.test_java_symbols" name="test_symbol_analyzer_produces_package_qualified_symbols" time="0.001" /><testcase classname="tests.semantic.test_python_calls" name="test_call_analyzer_records_function_and_method_calls" time="0.001" /><testcase classname="tests.semantic.test_python_imports" name="test_import_analyzer_captures_module_and_scoped_imports" time="0.001" /><testcase classname="tests.semantic.test_python_symbols" name="test_symbol_analyzer_extracts_classes_methods_and_functions" time="0.001" /><testcase classname="tests.dependency_analyzer.test_dependency_analyzers" name="test_module_dependency_analyzer_derives_imports" time="0.001" /><testcase classname="tests.dependency_analyzer.test_dependency_analyzers" name="test_function_dependency_analyzer_uses_calls_relations" time="0.001" /><testcase classname="tests.dependency_analyzer.test_dependency_analyzers" name="test_api_dependency_analyzer_links_endpoints_to_relations" time="0.002" /><testcase classname="tests.api_detection.java.test_spring_detector" name="test_spring_detector_identifies_mappings" time="0.005" /><testcase classname="tests.api_detection.python.test_django_detector" name="test_django_detector_identifies_urlpatterns" time="0.002" /><testcase classname="tests.api_detection.python.test_fastapi_detector" name="test_fastapi_detector_identifies_routes" time="0.003" /><testcase classname="tests.api_detection.python.test_flask_detector" name="test_flask_detector_identifies_routes" time="0.004" /><testcase classname="tests.integration.test_analysis_pipeline" name="test_full_pipeline_populates_artifacts_and_dependencies" time="0.003" /></testsuite></testsuites>